// Jest Snapshot v1, https://goo.gl/fbAQLP

exports[`<FilmsResults /> should render with right count and buttons with onClick method 1`] = `
<ContextConsumer>
  <Component />
</ContextConsumer>
`;
