// Jest Snapshot v1, https://goo.gl/fbAQLP

exports[`<MovieDetail /> should render movie card with right data, class and onClick method 1`] = `
<ContextConsumer>
  <Component />
</ContextConsumer>
`;
