// Jest Snapshot v1, https://goo.gl/fbAQLP

exports[`<MovieList /> should render list of movie card with right title, class and metod 1`] = `
<ContextConsumer>
  <Component />
</ContextConsumer>
`;
