// Jest Snapshot v1, https://goo.gl/fbAQLP

exports[`<Search /> should render as expect 1`] = `
<ContextConsumer>
  <Component />
</ContextConsumer>
`;
