// Jest Snapshot v1, https://goo.gl/fbAQLP

exports[`<Footer /> should render footer 1`] = `
<ContextConsumer>
  <Component />
</ContextConsumer>
`;
